******************************************************************************
                  TI ARM Linker PC v20.2.7                     
******************************************************************************
>> Linked Tue Oct 31 22:01:12 2023

OUTPUT FILE NAME:   <UltimoLab.out>
ENTRY POINT SYMBOL: "_c_int00_noargs"  address: 00000b11


MEMORY CONFIGURATION

         name            origin    length      used     unused   attr    fill
----------------------  --------  ---------  --------  --------  ----  --------
  FLASH                 00000000   00040000  00000e38  0003f1c8  R  X
  SRAM                  20000000   00008000  00000207  00007df9  RW X


SEGMENT ALLOCATION MAP

run origin  load origin   length   init length attrs members
----------  ----------- ---------- ----------- ----- -------
00000000    00000000    00000e38   00000e38    r-x
  00000000    00000000    0000026c   0000026c    r-- .intvecs
  0000026c    0000026c    00000a30   00000a30    r-x .text
  00000c9c    00000c9c    0000016c   0000016c    r-- .const
  00000e08    00000e08    00000030   00000030    r-- .cinit
20000000    20000000    00000207   00000000    rw-
  20000000    20000000    00000200   00000000    rw- .stack
  20000200    20000200    00000004   00000000    rw- .bss
  20000204    20000204    00000003   00000000    rw- .data


SECTION ALLOCATION MAP

 output                                  attributes/
section   page    origin      length       input sections
--------  ----  ----------  ----------   ----------------
.intvecs   0    00000000    0000026c     
                  00000000    0000026c     tm4c123gh6pm_startup_ccs.obj (.intvecs)

.text      0    0000026c    00000a30     
                  0000026c    00000260     main.obj (.text)
                  000004cc    00000132     driverlib.lib : gpio.obj (.text:GPIOPadConfigSet)
                  000005fe    00000002     --HOLE-- [fill = 0]
                  00000600    00000110                   : sysctl.obj (.text:SysCtlClockGet)
                  00000710    000000f4                   : sysctl.obj (.text:SysCtlClockSet)
                  00000804    0000009c     rtsv7M4_T_le_v4SPD16_eabi.lib : memcpy_t2.asm.obj (.text)
                  000008a0    00000068     driverlib.lib : interrupt.obj (.text:IntEnable)
                  00000908    00000068     rtsv7M4_T_le_v4SPD16_eabi.lib : copy_decompress_lzss.c.obj (.text:decompress:lzss:__TI_decompress_lzss)
                  00000970    00000060     driverlib.lib : timer.obj (.text:TimerConfigure)
                  000009d0    00000048                   : gpio.obj (.text:GPIOPinConfigure)
                  00000a18    00000046                   : uart.obj (.text:UARTConfigSetExpClk)
                  00000a5e    00000002     --HOLE-- [fill = 0]
                  00000a60    00000044     rtsv7M4_T_le_v4SPD16_eabi.lib : autoinit.c.obj (.text:__TI_auto_init_nobinit_nopinit:__TI_auto_init_nobinit_nopinit)
                  00000aa4    00000038     driverlib.lib : sysctl.obj (.text:SysCtlPeripheralReady)
                  00000adc    00000034                   : sysctl.obj (.text:SysCtlPeripheralEnable)
                  00000b10    00000034     rtsv7M4_T_le_v4SPD16_eabi.lib : boot_cortex_m.c.obj (.text:_c_int00_noargs:_c_int00_noargs)
                  00000b44    0000002a     driverlib.lib : gpio.obj (.text:GPIODirModeSet)
                  00000b6e    00000002     --HOLE-- [fill = 0]
                  00000b70    00000020                   : uart.obj (.text:UARTDisable)
                  00000b90    0000001c     rtsv7M4_T_le_v4SPD16_eabi.lib : copy_zero_init.c.obj (.text:decompress:ZI:__TI_zero_init_nomemset:__TI_zero_init_nomemset)
                  00000bac    00000018     driverlib.lib : gpio.obj (.text:GPIOPinTypeGPIOOutput)
                  00000bc4    00000014                   : uart.obj (.text:UARTEnable)
                  00000bd8    00000012                   : gpio.obj (.text:GPIOPinTypeUART)
                  00000bea    00000012                   : timer.obj (.text:TimerLoadSet)
                  00000bfc    00000010                   : interrupt.obj (.text:IntMasterEnable)
                  00000c0c    0000000e                   : timer.obj (.text:TimerEnable)
                  00000c1a    0000000e                   : uart.obj (.text:UARTCharGetNonBlocking)
                  00000c28    0000000e                   : uart.obj (.text:UARTCharPutNonBlocking)
                  00000c36    0000000e                   : uart.obj (.text:UARTCharsAvail)
                  00000c44    0000000e     rtsv7M4_T_le_v4SPD16_eabi.lib : copy_decompress_none.c.obj (.text:decompress:none:__TI_decompress_none)
                  00000c52    0000000c     driverlib.lib : cpu.obj (.text:CPUcpsie)
                  00000c5e    0000000c     tm4c123gh6pm_startup_ccs.obj (.text)
                  00000c6a    00000008     driverlib.lib : timer.obj (.text:TimerIntEnable)
                  00000c72    00000008                   : uart.obj (.text:UARTIntEnable)
                  00000c7a    00000006                   : gpio.obj (.text:GPIOPinRead)
                  00000c80    00000006                   : gpio.obj (.text:GPIOPinWrite)
                  00000c86    00000006                   : sysctl.obj (.text:SysCtlDelay)
                  00000c8c    00000004                   : timer.obj (.text:TimerIntClear)
                  00000c90    00000004                   : uart.obj (.text:UARTIntClear)
                  00000c94    00000004     rtsv7M4_T_le_v4SPD16_eabi.lib : pre_init.c.obj (.text:_system_pre_init)
                  00000c98    00000004                                   : exit.c.obj (.text:abort:abort)

.const     0    00000c9c    0000016c     
                  00000c9c    00000090     driverlib.lib : gpio.obj (.const:g_pui32GPIOBaseAddrs)
                  00000d2c    00000070                   : interrupt.obj (.const)
                  00000d9c    0000006c                   : sysctl.obj (.const:g_pui32Xtals)

.cinit     0    00000e08    00000030     
                  00000e08    0000000c     (__TI_handler_table)
                  00000e14    00000004     --HOLE-- [fill = 0]
                  00000e18    00000008     (.cinit..bss.load) [load image, compression = zero_init]
                  00000e20    00000007     (.cinit..data.load) [load image, compression = lzss]
                  00000e27    00000001     --HOLE-- [fill = 0]
                  00000e28    00000010     (__TI_cinit_table)

.init_array 
*          0    00000000    00000000     UNINITIALIZED

.bss       0    20000200    00000004     UNINITIALIZED
                  20000200    00000004     (.common:ui32Loop)

.data      0    20000204    00000003     UNINITIALIZED
                  20000204    00000003     main.obj (.data)

.stack     0    20000000    00000200     UNINITIALIZED
                  20000000    00000004     rtsv7M4_T_le_v4SPD16_eabi.lib : boot_cortex_m.c.obj (.stack)
                  20000004    000001fc     --HOLE--

__llvm_prf_cnts 
*          0    20000000    00000000     UNINITIALIZED

MODULE SUMMARY

       Module                         code   ro data   rw data
       ------                         ----   -------   -------
    .\
       tm4c123gh6pm_startup_ccs.obj   12     620       0      
       main.obj                       608    0         7      
    +--+------------------------------+------+---------+---------+
       Total:                         620    620       7      
                                                              
    C:/ti/TivaWare_C_Series-2.1.4.178/driverlib/ccs/Debug/driverlib.lib
       sysctl.obj                     630    108       0      
       gpio.obj                       474    144       0      
       interrupt.obj                  120    112       0      
       uart.obj                       176    0         0      
       timer.obj                      140    0         0      
       cpu.obj                        12     0         0      
    +--+------------------------------+------+---------+---------+
       Total:                         1552   364       0      
                                                              
    C:\ti\ccs1250\ccs\tools\compiler\ti-cgt-arm_20.2.7.LTS\lib\rtsv7M4_T_le_v4SPD16_eabi.lib
       memcpy_t2.asm.obj              156    0         0      
       copy_decompress_lzss.c.obj     104    0         0      
       autoinit.c.obj                 68     0         0      
       boot_cortex_m.c.obj            52     0         0      
       copy_zero_init.c.obj           28     0         0      
       copy_decompress_none.c.obj     14     0         0      
       exit.c.obj                     4      0         0      
       pre_init.c.obj                 4      0         0      
    +--+------------------------------+------+---------+---------+
       Total:                         430    0         0      
                                                              
       Stack:                         0      0         512    
       Linker Generated:              0      43        0      
    +--+------------------------------+------+---------+---------+
       Grand Total:                   2602   1027      519    


LINKER GENERATED COPY TABLES

__TI_cinit_table @ 00000e28 records: 2, size/record: 8, table size: 16
	.bss: load addr=00000e18, load size=00000008 bytes, run addr=20000200, run size=00000004 bytes, compression=zero_init
	.data: load addr=00000e20, load size=00000007 bytes, run addr=20000204, run size=00000003 bytes, compression=lzss


LINKER GENERATED HANDLER TABLE

__TI_handler_table @ 00000e08 records: 3, size/record: 4, table size: 12
	index: 0, handler: __TI_decompress_lzss
	index: 1, handler: __TI_decompress_none
	index: 2, handler: __TI_zero_init


GLOBAL SYMBOLS: SORTED ALPHABETICALLY BY Name 

address   name                          
-------   ----                          
00000c99  C$$EXIT                       
00000c53  CPUcpsie                      
00000b45  GPIODirModeSet                
000004cd  GPIOPadConfigSet              
000009d1  GPIOPinConfigure              
00000c7b  GPIOPinRead                   
00000bad  GPIOPinTypeGPIOOutput         
00000bd9  GPIOPinTypeUART               
00000c81  GPIOPinWrite                  
000008a1  IntEnable                     
00000bfd  IntMasterEnable               
00000c5f  ResetISR                      
00000601  SysCtlClockGet                
00000711  SysCtlClockSet                
00000c87  SysCtlDelay                   
00000add  SysCtlPeripheralEnable        
00000aa5  SysCtlPeripheralReady         
0000031b  Timer0IntHandler              
00000971  TimerConfigure                
00000c0d  TimerEnable                   
00000c8d  TimerIntClear                 
00000c6b  TimerIntEnable                
00000beb  TimerLoadSet                  
00000c1b  UARTCharGetNonBlocking        
00000c29  UARTCharPutNonBlocking        
00000c37  UARTCharsAvail                
00000a19  UARTConfigSetExpClk           
00000b71  UARTDisable                   
00000bc5  UARTEnable                    
00000c91  UARTIntClear                  
00000c73  UARTIntEnable                 
000003e3  UARTIntHandler                
20000200  __STACK_END                   
00000200  __STACK_SIZE                  
20000200  __STACK_TOP                   
00000e28  __TI_CINIT_Base               
00000e38  __TI_CINIT_Limit              
00000e08  __TI_Handler_Table_Base       
00000e14  __TI_Handler_Table_Limit      
00000a61  __TI_auto_init_nobinit_nopinit
00000909  __TI_decompress_lzss          
00000c45  __TI_decompress_none          
ffffffff  __TI_pprof_out_hndl           
ffffffff  __TI_prof_data_size           
ffffffff  __TI_prof_data_start          
00000000  __TI_static_base__            
00000b91  __TI_zero_init_nomemset       
00000805  __aeabi_memcpy                
00000805  __aeabi_memcpy4               
00000805  __aeabi_memcpy8               
ffffffff  __binit__                     
ffffffff  __c_args__                    
UNDEFED   __mpu_init                    
20000000  __stack                       
20000000  __start___llvm_prf_cnts       
20000000  __stop___llvm_prf_cnts        
00000b11  _c_int00_noargs               
UNDEFED   _system_post_cinit            
00000c95  _system_pre_init              
00000c99  abort                         
ffffffff  binit                         
0000026d  delay                         
00000000  g_pfnVectors                  
00000291  main                          
00000805  memcpy                        
000002d9  setupTimer0                   
00000395  setupUART0                    
20000206  toggle_blue                   
20000205  toggle_green                  
20000204  toggle_red                    
20000200  ui32Loop                      


GLOBAL SYMBOLS: SORTED BY Symbol Address 

address   name                          
-------   ----                          
00000000  __TI_static_base__            
00000000  g_pfnVectors                  
00000200  __STACK_SIZE                  
0000026d  delay                         
00000291  main                          
000002d9  setupTimer0                   
0000031b  Timer0IntHandler              
00000395  setupUART0                    
000003e3  UARTIntHandler                
000004cd  GPIOPadConfigSet              
00000601  SysCtlClockGet                
00000711  SysCtlClockSet                
00000805  __aeabi_memcpy                
00000805  __aeabi_memcpy4               
00000805  __aeabi_memcpy8               
00000805  memcpy                        
000008a1  IntEnable                     
00000909  __TI_decompress_lzss          
00000971  TimerConfigure                
000009d1  GPIOPinConfigure              
00000a19  UARTConfigSetExpClk           
00000a61  __TI_auto_init_nobinit_nopinit
00000aa5  SysCtlPeripheralReady         
00000add  SysCtlPeripheralEnable        
00000b11  _c_int00_noargs               
00000b45  GPIODirModeSet                
00000b71  UARTDisable                   
00000b91  __TI_zero_init_nomemset       
00000bad  GPIOPinTypeGPIOOutput         
00000bc5  UARTEnable                    
00000bd9  GPIOPinTypeUART               
00000beb  TimerLoadSet                  
00000bfd  IntMasterEnable               
00000c0d  TimerEnable                   
00000c1b  UARTCharGetNonBlocking        
00000c29  UARTCharPutNonBlocking        
00000c37  UARTCharsAvail                
00000c45  __TI_decompress_none          
00000c53  CPUcpsie                      
00000c5f  ResetISR                      
00000c6b  TimerIntEnable                
00000c73  UARTIntEnable                 
00000c7b  GPIOPinRead                   
00000c81  GPIOPinWrite                  
00000c87  SysCtlDelay                   
00000c8d  TimerIntClear                 
00000c91  UARTIntClear                  
00000c95  _system_pre_init              
00000c99  C$$EXIT                       
00000c99  abort                         
00000e08  __TI_Handler_Table_Base       
00000e14  __TI_Handler_Table_Limit      
00000e28  __TI_CINIT_Base               
00000e38  __TI_CINIT_Limit              
20000000  __stack                       
20000000  __start___llvm_prf_cnts       
20000000  __stop___llvm_prf_cnts        
20000200  __STACK_END                   
20000200  __STACK_TOP                   
20000200  ui32Loop                      
20000204  toggle_red                    
20000205  toggle_green                  
20000206  toggle_blue                   
ffffffff  __TI_pprof_out_hndl           
ffffffff  __TI_prof_data_size           
ffffffff  __TI_prof_data_start          
ffffffff  __binit__                     
ffffffff  __c_args__                    
ffffffff  binit                         
UNDEFED   __mpu_init                    
UNDEFED   _system_post_cinit            

[71 symbols]
